{
  "version": "1.5.0",
  "plugins_used": [
    {
      "name": "ArtifactoryDetector"
    },
    {
      "name": "AWSKeyDetector"
    },
    {
      "name": "AzureStorageKeyDetector"
    },
    {
      "name": "Base64HighEntropyString",
      "limit": 4.5
    },
    {
      "name": "BasicAuthDetector"
    },
    {
      "name": "CloudantDetector"
    },
    {
      "name": "DiscordBotTokenDetector"
    },
    {
      "name": "GitHubTokenDetector"
    },
    {
      "name": "GitLabTokenDetector"
    },
    {
      "name": "HexHighEntropyString",
      "limit": 3.0
    },
    {
      "name": "IbmCloudIamDetector"
    },
    {
      "name": "IbmCosHmacDetector"
    },
    {
      "name": "IPPublicDetector"
    },
    {
      "name": "JwtTokenDetector"
    },
    {
      "name": "KeywordDetector",
      "keyword_exclude": ""
    },
    {
      "name": "MailchimpDetector"
    },
    {
      "name": "NpmDetector"
    },
    {
      "name": "OpenAIDetector"
    },
    {
      "name": "PrivateKeyDetector"
    },
    {
      "name": "PypiTokenDetector"
    },
    {
      "name": "SendGridDetector"
    },
    {
      "name": "SlackDetector"
    },
    {
      "name": "SoftlayerDetector"
    },
    {
      "name": "SquareOAuthDetector"
    },
    {
      "name": "StripeDetector"
    },
    {
      "name": "TelegramBotTokenDetector"
    },
    {
      "name": "TwilioKeyDetector"
    }
  ],
  "filters_used": [
    {
      "path": "detect_secrets.filters.allowlist.is_line_allowlisted"
    },
    {
      "path": "detect_secrets.filters.common.is_baseline_file",
      "filename": ".secrets.baseline"
    },
    {
      "path": "detect_secrets.filters.common.is_ignored_due_to_verification_policies",
      "min_level": 2
    },
    {
      "path": "detect_secrets.filters.heuristic.is_indirect_reference"
    },
    {
      "path": "detect_secrets.filters.heuristic.is_likely_id_string"
    },
    {
      "path": "detect_secrets.filters.heuristic.is_lock_file"
    },
    {
      "path": "detect_secrets.filters.heuristic.is_not_alphanumeric_string"
    },
    {
      "path": "detect_secrets.filters.heuristic.is_potential_uuid"
    },
    {
      "path": "detect_secrets.filters.heuristic.is_prefixed_with_dollar_sign"
    },
    {
      "path": "detect_secrets.filters.heuristic.is_sequential_string"
    },
    {
      "path": "detect_secrets.filters.heuristic.is_swagger_file"
    },
    {
      "path": "detect_secrets.filters.heuristic.is_templated_secret"
    }
  ],
  "results": {
    "docs/guides/infrastructure/complete-devops-platform-guide.md": [
      {
        "type": "Secret Keyword",
        "filename": "docs/guides/infrastructure/complete-devops-platform-guide.md",
        "hashed_secret": "905d125d12295c57e4de6eef7dda19f79557527d",
        "is_verified": false,
        "line_number": 536
      }
    ],
    "docs/guides/security/domain-compromise-walkthrough.md": [
      {
        "type": "Secret Keyword",
        "filename": "docs/guides/security/domain-compromise-walkthrough.md",
        "hashed_secret": "6771f0404544b6ef7e55633f9b03e6311630a1a4",
        "is_verified": false,
        "line_number": 134
      }
    ],
    "docs/guides/security/llm-security-compliance-lab.md": [
      {
        "type": "Secret Keyword",
        "filename": "docs/guides/security/llm-security-compliance-lab.md",
        "hashed_secret": "a3e14ca24483c78554c083bc907c7194c7846ef1",
        "is_verified": false,
        "line_number": 52
      }
    ],
    "docs/guides/security/password-attacks.md": [
      {
        "type": "Hex High Entropy String",
        "filename": "docs/guides/security/password-attacks.md",
        "hashed_secret": "95d48052e55fd819280be0b523a1c5d1257a2428",
        "is_verified": false,
        "line_number": 267
      },
      {
        "type": "Base64 High Entropy String",
        "filename": "docs/guides/security/password-attacks.md",
        "hashed_secret": "83607cfb7fa6c29ad47d9e0cadd1f04237825f05",
        "is_verified": false,
        "line_number": 433
      }
    ],
    "labs/infrastructure/devops-linux-lab/Vagrantfile": [
      {
        "type": "Secret Keyword",
        "filename": "labs/infrastructure/devops-linux-lab/Vagrantfile",
        "hashed_secret": "0bbd771d28978ec2d7dfb3ca0f2eaa4655282664",
        "is_verified": false,
        "line_number": 2104
      },
      {
        "type": "AWS Access Key",
        "filename": "labs/infrastructure/devops-linux-lab/Vagrantfile",
        "hashed_secret": "25910f981e85ca04baf359199dd0bd4a3ae738b6",
        "is_verified": false,
        "line_number": 2115
      },
      {
        "type": "Base64 High Entropy String",
        "filename": "labs/infrastructure/devops-linux-lab/Vagrantfile",
        "hashed_secret": "d70eab08607a4d05faa2d0d6647206599e9abc65",
        "is_verified": false,
        "line_number": 2116
      },
      {
        "type": "Secret Keyword",
        "filename": "labs/infrastructure/devops-linux-lab/Vagrantfile",
        "hashed_secret": "d70eab08607a4d05faa2d0d6647206599e9abc65",
        "is_verified": false,
        "line_number": 2116
      }
    ],
    "labs/security/active-directory/base/Vagrantfile": [
      {
        "type": "Base64 High Entropy String",
        "filename": "labs/security/active-directory/base/Vagrantfile",
        "hashed_secret": "83607cfb7fa6c29ad47d9e0cadd1f04237825f05",
        "is_verified": false,
        "line_number": 1458
      },
      {
        "type": "Secret Keyword",
        "filename": "labs/security/active-directory/base/Vagrantfile",
        "hashed_secret": "83607cfb7fa6c29ad47d9e0cadd1f04237825f05",
        "is_verified": false,
        "line_number": 1458
      },
      {
        "type": "Base64 High Entropy String",
        "filename": "labs/security/active-directory/base/Vagrantfile",
        "hashed_secret": "10e45c037e8426b12c0a0b4e164f44bf31805524",
        "is_verified": false,
        "line_number": 1986
      },
      {
        "type": "Secret Keyword",
        "filename": "labs/security/active-directory/base/Vagrantfile",
        "hashed_secret": "664819d8c5343676c9225b5ed00a5cdc6f3a1ff3",
        "is_verified": false,
        "line_number": 2166
      },
      {
        "type": "Secret Keyword",
        "filename": "labs/security/active-directory/base/Vagrantfile",
        "hashed_secret": "141b5163c869b47d849bcdb32f848463a7312903",
        "is_verified": false,
        "line_number": 2208
      },
      {
        "type": "Secret Keyword",
        "filename": "labs/security/active-directory/base/Vagrantfile",
        "hashed_secret": "8492d8af6734d097877d234318c36cd9ef6df20c",
        "is_verified": false,
        "line_number": 2448
      },
      {
        "type": "AWS Access Key",
        "filename": "labs/security/active-directory/base/Vagrantfile",
        "hashed_secret": "25910f981e85ca04baf359199dd0bd4a3ae738b6",
        "is_verified": false,
        "line_number": 2560
      },
      {
        "type": "Base64 High Entropy String",
        "filename": "labs/security/active-directory/base/Vagrantfile",
        "hashed_secret": "74b337ed5bf9f12e856ee8435d5e32f47d179704",
        "is_verified": false,
        "line_number": 2599
      },
      {
        "type": "Secret Keyword",
        "filename": "labs/security/active-directory/base/Vagrantfile",
        "hashed_secret": "dbca1e06fc33fdb1d80d307a769dff8122076778",
        "is_verified": false,
        "line_number": 2600
      },
      {
        "type": "Secret Keyword",
        "filename": "labs/security/active-directory/base/Vagrantfile",
        "hashed_secret": "5b45a1f0765c00508657f77f0533c6c6f44d0902",
        "is_verified": false,
        "line_number": 2603
      },
      {
        "type": "Secret Keyword",
        "filename": "labs/security/active-directory/base/Vagrantfile",
        "hashed_secret": "1b9eb71bf641638f9546cc2dab26d3bd27541edb",
        "is_verified": false,
        "line_number": 2628
      }
    ],
    "labs/security/active-directory/base/docs/attack-guide.md": [
      {
        "type": "Base64 High Entropy String",
        "filename": "labs/security/active-directory/base/docs/attack-guide.md",
        "hashed_secret": "83607cfb7fa6c29ad47d9e0cadd1f04237825f05",
        "is_verified": false,
        "line_number": 298
      }
    ],
    "labs/security/active-directory/base/docs/lab-credentials.md": [
      {
        "type": "Secret Keyword",
        "filename": "labs/security/active-directory/base/docs/lab-credentials.md",
        "hashed_secret": "173f82905353b6fe7da26c08821cf723c1308e4f",
        "is_verified": false,
        "line_number": 60
      },
      {
        "type": "Secret Keyword",
        "filename": "labs/security/active-directory/base/docs/lab-credentials.md",
        "hashed_secret": "f4a69973e7b0bf9d160f9f60e3c3acd2494beb0d",
        "is_verified": false,
        "line_number": 65
      },
      {
        "type": "Secret Keyword",
        "filename": "labs/security/active-directory/base/docs/lab-credentials.md",
        "hashed_secret": "18654ce3f0a0902eee999073b5494ab5ca5261a5",
        "is_verified": false,
        "line_number": 70
      },
      {
        "type": "Secret Keyword",
        "filename": "labs/security/active-directory/base/docs/lab-credentials.md",
        "hashed_secret": "2af7c6db4a6de15f38f1c142323e23626ab2199e",
        "is_verified": false,
        "line_number": 87
      },
      {
        "type": "Secret Keyword",
        "filename": "labs/security/active-directory/base/docs/lab-credentials.md",
        "hashed_secret": "6771f0404544b6ef7e55633f9b03e6311630a1a4",
        "is_verified": false,
        "line_number": 92
      },
      {
        "type": "Secret Keyword",
        "filename": "labs/security/active-directory/base/docs/lab-credentials.md",
        "hashed_secret": "8dc273b3c6a34643d78cb26814b0e94c1254f255",
        "is_verified": false,
        "line_number": 99
      },
      {
        "type": "Secret Keyword",
        "filename": "labs/security/active-directory/base/docs/lab-credentials.md",
        "hashed_secret": "cf48ce8ffcc45148e7e67b9220dabaa6d5dc3f21",
        "is_verified": false,
        "line_number": 104
      },
      {
        "type": "Secret Keyword",
        "filename": "labs/security/active-directory/base/docs/lab-credentials.md",
        "hashed_secret": "23891b25ca2774c09b7e4fc6e40de85343709c98",
        "is_verified": false,
        "line_number": 109
      },
      {
        "type": "Secret Keyword",
        "filename": "labs/security/active-directory/base/docs/lab-credentials.md",
        "hashed_secret": "a8cdfd847e6422df1e25384bd5b4325f32bb9a9f",
        "is_verified": false,
        "line_number": 114
      },
      {
        "type": "Secret Keyword",
        "filename": "labs/security/active-directory/base/docs/lab-credentials.md",
        "hashed_secret": "edeba0ddf820c7aa230263061ef4fb7f8b9facb4",
        "is_verified": false,
        "line_number": 119
      },
      {
        "type": "Secret Keyword",
        "filename": "labs/security/active-directory/base/docs/lab-credentials.md",
        "hashed_secret": "49efef5f70d47adc2db2eb397fbef5f7bc560e29",
        "is_verified": false,
        "line_number": 136
      },
      {
        "type": "Secret Keyword",
        "filename": "labs/security/active-directory/base/docs/lab-credentials.md",
        "hashed_secret": "fa8db37b4dcd5d0a9275b9d5798ae65fb27c29df",
        "is_verified": false,
        "line_number": 141
      },
      {
        "type": "Secret Keyword",
        "filename": "labs/security/active-directory/base/docs/lab-credentials.md",
        "hashed_secret": "7e8b0a3433f1210a9699d85420e363a1b162ecac",
        "is_verified": false,
        "line_number": 146
      },
      {
        "type": "Secret Keyword",
        "filename": "labs/security/active-directory/base/docs/lab-credentials.md",
        "hashed_secret": "3c88e98e910245fda0a2da49d919f86ea1a4ec51",
        "is_verified": false,
        "line_number": 150
      },
      {
        "type": "Secret Keyword",
        "filename": "labs/security/active-directory/base/docs/lab-credentials.md",
        "hashed_secret": "b03fe988f8d55b87dbd2223ee1a8a37a0f882d6e",
        "is_verified": false,
        "line_number": 167
      },
      {
        "type": "Secret Keyword",
        "filename": "labs/security/active-directory/base/docs/lab-credentials.md",
        "hashed_secret": "076d3e6c4b9f654b5b220b9045b7458ab6b4cbc6",
        "is_verified": false,
        "line_number": 171
      },
      {
        "type": "Secret Keyword",
        "filename": "labs/security/active-directory/base/docs/lab-credentials.md",
        "hashed_secret": "435b41068e8665513a20070c033b08b9c66e4332",
        "is_verified": false,
        "line_number": 176
      },
      {
        "type": "Secret Keyword",
        "filename": "labs/security/active-directory/base/docs/lab-credentials.md",
        "hashed_secret": "443b59e6a49e943ccb336452827b463cb92e7fde",
        "is_verified": false,
        "line_number": 180
      },
      {
        "type": "Secret Keyword",
        "filename": "labs/security/active-directory/base/docs/lab-credentials.md",
        "hashed_secret": "fbbbebc38263c010d4eac99f6fcc4aa1b9194945",
        "is_verified": false,
        "line_number": 198
      },
      {
        "type": "Secret Keyword",
        "filename": "labs/security/active-directory/base/docs/lab-credentials.md",
        "hashed_secret": "57558d45cc0edd747af948034773263acc8f8f9e",
        "is_verified": false,
        "line_number": 203
      },
      {
        "type": "Secret Keyword",
        "filename": "labs/security/active-directory/base/docs/lab-credentials.md",
        "hashed_secret": "f865b53623b121fd34ee5426c792e5c33af8c227",
        "is_verified": false,
        "line_number": 220
      },
      {
        "type": "Base64 High Entropy String",
        "filename": "labs/security/active-directory/base/docs/lab-credentials.md",
        "hashed_secret": "83607cfb7fa6c29ad47d9e0cadd1f04237825f05",
        "is_verified": false,
        "line_number": 245
      },
      {
        "type": "Secret Keyword",
        "filename": "labs/security/active-directory/base/docs/lab-credentials.md",
        "hashed_secret": "83607cfb7fa6c29ad47d9e0cadd1f04237825f05",
        "is_verified": false,
        "line_number": 245
      },
      {
        "type": "Secret Keyword",
        "filename": "labs/security/active-directory/base/docs/lab-credentials.md",
        "hashed_secret": "e28b2ef4d11e874b56458dc44fcf0134e96b6e60",
        "is_verified": false,
        "line_number": 246
      }
    ],
    "labs/security/active-directory/vlan-segmented/Vagrantfile": [
      {
        "type": "Secret Keyword",
        "filename": "labs/security/active-directory/vlan-segmented/Vagrantfile",
        "hashed_secret": "8492d8af6734d097877d234318c36cd9ef6df20c",
        "is_verified": false,
        "line_number": 259
      },
      {
        "type": "Base64 High Entropy String",
        "filename": "labs/security/active-directory/vlan-segmented/Vagrantfile",
        "hashed_secret": "83607cfb7fa6c29ad47d9e0cadd1f04237825f05",
        "is_verified": false,
        "line_number": 1552
      },
      {
        "type": "Secret Keyword",
        "filename": "labs/security/active-directory/vlan-segmented/Vagrantfile",
        "hashed_secret": "83607cfb7fa6c29ad47d9e0cadd1f04237825f05",
        "is_verified": false,
        "line_number": 1552
      },
      {
        "type": "Base64 High Entropy String",
        "filename": "labs/security/active-directory/vlan-segmented/Vagrantfile",
        "hashed_secret": "10e45c037e8426b12c0a0b4e164f44bf31805524",
        "is_verified": false,
        "line_number": 1842
      },
      {
        "type": "AWS Access Key",
        "filename": "labs/security/active-directory/vlan-segmented/Vagrantfile",
        "hashed_secret": "25910f981e85ca04baf359199dd0bd4a3ae738b6",
        "is_verified": false,
        "line_number": 2026
      }
    ],
    "labs/security/active-directory/vlan-segmented/docs/attack-guide.md": [
      {
        "type": "Base64 High Entropy String",
        "filename": "labs/security/active-directory/vlan-segmented/docs/attack-guide.md",
        "hashed_secret": "83607cfb7fa6c29ad47d9e0cadd1f04237825f05",
        "is_verified": false,
        "line_number": 305
      }
    ],
    "labs/security/active-directory/vlan-segmented/virtualbox/Vagrantfile": [
      {
        "type": "Secret Keyword",
        "filename": "labs/security/active-directory/vlan-segmented/virtualbox/Vagrantfile",
        "hashed_secret": "8492d8af6734d097877d234318c36cd9ef6df20c",
        "is_verified": false,
        "line_number": 240
      },
      {
        "type": "Base64 High Entropy String",
        "filename": "labs/security/active-directory/vlan-segmented/virtualbox/Vagrantfile",
        "hashed_secret": "83607cfb7fa6c29ad47d9e0cadd1f04237825f05",
        "is_verified": false,
        "line_number": 1432
      },
      {
        "type": "Secret Keyword",
        "filename": "labs/security/active-directory/vlan-segmented/virtualbox/Vagrantfile",
        "hashed_secret": "83607cfb7fa6c29ad47d9e0cadd1f04237825f05",
        "is_verified": false,
        "line_number": 1432
      },
      {
        "type": "Base64 High Entropy String",
        "filename": "labs/security/active-directory/vlan-segmented/virtualbox/Vagrantfile",
        "hashed_secret": "10e45c037e8426b12c0a0b4e164f44bf31805524",
        "is_verified": false,
        "line_number": 1736
      },
      {
        "type": "Secret Keyword",
        "filename": "labs/security/active-directory/vlan-segmented/virtualbox/Vagrantfile",
        "hashed_secret": "664819d8c5343676c9225b5ed00a5cdc6f3a1ff3",
        "is_verified": false,
        "line_number": 1817
      },
      {
        "type": "Secret Keyword",
        "filename": "labs/security/active-directory/vlan-segmented/virtualbox/Vagrantfile",
        "hashed_secret": "141b5163c869b47d849bcdb32f848463a7312903",
        "is_verified": false,
        "line_number": 1859
      },
      {
        "type": "AWS Access Key",
        "filename": "labs/security/active-directory/vlan-segmented/virtualbox/Vagrantfile",
        "hashed_secret": "25910f981e85ca04baf359199dd0bd4a3ae738b6",
        "is_verified": false,
        "line_number": 2135
      },
      {
        "type": "Base64 High Entropy String",
        "filename": "labs/security/active-directory/vlan-segmented/virtualbox/Vagrantfile",
        "hashed_secret": "74b337ed5bf9f12e856ee8435d5e32f47d179704",
        "is_verified": false,
        "line_number": 2174
      },
      {
        "type": "Secret Keyword",
        "filename": "labs/security/active-directory/vlan-segmented/virtualbox/Vagrantfile",
        "hashed_secret": "dbca1e06fc33fdb1d80d307a769dff8122076778",
        "is_verified": false,
        "line_number": 2175
      },
      {
        "type": "Secret Keyword",
        "filename": "labs/security/active-directory/vlan-segmented/virtualbox/Vagrantfile",
        "hashed_secret": "5b45a1f0765c00508657f77f0533c6c6f44d0902",
        "is_verified": false,
        "line_number": 2178
      },
      {
        "type": "Secret Keyword",
        "filename": "labs/security/active-directory/vlan-segmented/virtualbox/Vagrantfile",
        "hashed_secret": "1b9eb71bf641638f9546cc2dab26d3bd27541edb",
        "is_verified": false,
        "line_number": 2203
      }
    ]
  },
  "generated_at": "2026-08-18T10:19:55Z"
}
